[
  {"type":"CommentPreproc","value":"//go:build wasm"},
  {"type":"TextWhitespace","value":"\n"},
  {"type":"KeywordNamespace","value":"package"},
  {"type":"TextWhitespace","value":" "},
  {"type":"NameOther","value":"main"},
  {"type":"TextWhitespace","value":"\n\n"},
  {"type":"KeywordNamespace","value":"import"},
  {"type":"TextWhitespace","value":" "},
  {"type":"LiteralString","value":"\"fmt\""},
  {"type":"TextWhitespace","value":"\n\n"},
  {"type":"KeywordDeclaration","value":"func"},
  {"type":"TextWhitespace","value":" "},
  {"type":"NameFunction","value":"main"},
  {"type":"Punctuation","value":"()"},
  {"type":"TextWhitespace","value":" "},
  {"type":"Punctuation","value":"{"},
  {"type":"TextWhitespace","value":"\n    "},
  {"type":"NameOther","value":"fmt"},
  {"type":"Punctuation","value":"."},
  {"type":"NameFunction","value":"Println"},
  {"type":"Punctuation","value":"("},
  {"type":"LiteralString","value":"\"Hello World!\""},
  {"type":"Punctuation","value":")"},
  {"type":"TextWhitespace","value":"\n"},
  {"type":"Punctuation","value":"}"},
  {"type":"TextWhitespace","value":"\n\n"},
  {"type":"KeywordDeclaration","value":"var"},
  {"type":"TextWhitespace","value":" "},
  {"type":"NameOther","value":"n"},
  {"type":"TextWhitespace","value":" "},
  {"type":"KeywordType","value":"int"},
  {"type":"TextWhitespace","value":" "},
  {"type":"Punctuation","value":"="},
  {"type":"TextWhitespace","value":" "},
  {"type":"LiteralNumberHex","value":"0x21"},
  {"type":"TextWhitespace","value":" "},
  {"type":"Operator","value":"+"},
  {"type":"TextWhitespace","value":" "},
  {"type":"LiteralNumberInteger","value":"1_000"},
  {"type":"TextWhitespace","value":"\n"},
  {"type":"KeywordDeclaration","value":"var"},
  {"type":"TextWhitespace","value":" "},
  {"type":"NameOther","value":"n2"},
  {"type":"TextWhitespace","value":" "},
  {"type":"KeywordType","value":"float64"},
  {"type":"TextWhitespace","value":" "},
  {"type":"Punctuation","value":"="},
  {"type":"TextWhitespace","value":" "},
  {"type":"LiteralNumberFloat","value":"1e3"},
  {"type":"TextWhitespace","value":"\n\n"},
  {"type":"KeywordDeclaration","value":"func"},
  {"type":"TextWhitespace","value":" "},
  {"type":"NameFunction","value":"hello"},
  {"type":"Punctuation","value":"("},
  {"type":"NameOther","value":"a"},
  {"type":"TextWhitespace","value":" "},
  {"type":"KeywordType","value":"int"},
  {"type":"Punctuation","value":")"},
  {"type":"TextWhitespace","value":" "},
  {"type":"Punctuation","value":"{"},
  {"type":"TextWhitespace","value":"\n\t"},
  {"type":"NameOther","value":"fmt"},
  {"type":"Punctuation","value":"."},
  {"type":"NameFunction","value":"Println"},
  {"type":"Punctuation","value":"("},
  {"type":"LiteralString","value":"\"Hello World!\""},
  {"type":"Punctuation","value":")."},
  {"type":"NameFunction","value":"Hello"},
  {"type":"Punctuation","value":"()"},
  {"type":"TextWhitespace","value":"\n\n    "},
  {"type":"Keyword","value":"return"},
  {"type":"TextWhitespace","value":" "},
  {"type":"KeywordDeclaration","value":"func"},
  {"type":"Punctuation","value":"()"},
  {"type":"TextWhitespace","value":" "},
  {"type":"KeywordType","value":"int"},
  {"type":"TextWhitespace","value":" "},
  {"type":"Punctuation","value":"{"},
  {"type":"TextWhitespace","value":"\n        "},
  {"type":"Keyword","value":"return"},
  {"type":"TextWhitespace","value":" "},
  {"type":"NameOther","value":"i"},
  {"type":"TextWhitespace","value":"\n    "},
  {"type":"Punctuation","value":"}"},
  {"type":"TextWhitespace","value":"\n"},
  {"type":"Punctuation","value":"}"},
  {"type":"TextWhitespace","value":" "},
  {"type":"CommentSingle","value":"// One last thing"},
  {"type":"TextWhitespace","value":"\n\n"},
  {"type":"KeywordDeclaration","value":"type"},
  {"type":"TextWhitespace","value":" "},
  {"type":"NameOther","value":"Int"},
  {"type":"TextWhitespace","value":" "},
  {"type":"KeywordDeclaration","value":"interface"},
  {"type":"TextWhitespace","value":" "},
  {"type":"Punctuation","value":"{"},
  {"type":"TextWhitespace","value":"\n\t"},
  {"type":"Punctuation","value":"~"},
  {"type":"KeywordType","value":"int"},
  {"type":"TextWhitespace","value":" "},
  {"type":"Punctuation","value":"|"},
  {"type":"TextWhitespace","value":" "},
  {"type":"Punctuation","value":"~"},
  {"type":"KeywordType","value":"int8"},
  {"type":"TextWhitespace","value":" "},
  {"type":"Punctuation","value":"|"},
  {"type":"TextWhitespace","value":" "},
  {"type":"Punctuation","value":"~"},
  {"type":"KeywordType","value":"int16"},
  {"type":"TextWhitespace","value":" "},
  {"type":"Punctuation","value":"|"},
  {"type":"TextWhitespace","value":" "},
  {"type":"Punctuation","value":"~"},
  {"type":"KeywordType","value":"int32"},
  {"type":"TextWhitespace","value":" "},
  {"type":"Punctuation","value":"|"},
  {"type":"TextWhitespace","value":" "},
  {"type":"Punctuation","value":"~"},
  {"type":"KeywordType","value":"int64"},
  {"type":"TextWhitespace","value":"\n"},
  {"type":"Punctuation","value":"}"},
  {"type":"TextWhitespace","value":" "},
  {"type":"CommentSingle","value":"// The very last comment w/o LF"},
  {"type":"TextWhitespace","value":"\n"}
]
